.......FF.......................FF................................FFF.......................................................................................................

Failures:

  1) User pages My Scores page scores 
     Failure/Error: it { should have_content(s2.score_date.strftime("%d/%m/%y"))}
       expected #has_content?("11/10/14") to return true, got false
     # ./spec/requests/user_pages_spec.rb:79:in `block (4 levels) in <top (required)>'

  2) User pages My Scores page scores 
     Failure/Error: it { should have_content(s1.score_date.strftime("%d/%m/%y"))}
       expected #has_content?("04/10/14") to return true, got false
     # ./spec/requests/user_pages_spec.rb:78:in `block (4 levels) in <top (required)>'

  3) Score pages score creation with invalid information should show an error messages 
     Failure/Error: it { should have_content('There is a problem...') }
       expected #has_content?("There is a problem...") to return true, got false
     # ./spec/requests/score_pages_spec.rb:21:in `block (5 levels) in <top (required)>'

  4) Score pages score creation with valid information should create a score
     Failure/Error: expect { click_button "Save" }.to change(Score, :count).by(1)
       count should have been changed by 1, but was changed by 0
     # ./spec/requests/score_pages_spec.rb:29:in `block (4 levels) in <top (required)>'

  5) Authentication signin with invalid information 
     Failure/Error: before { click_button "Sign in" }
     Capybara::Ambiguous:
       Ambiguous match, found 2 elements matching button "Sign in"
     # ./spec/requests/authentication_pages_spec.rb:24:in `block (4 levels) in <top (required)>'

  6) Authentication signin with invalid information 
     Failure/Error: before { click_button "Sign in" }
     Capybara::Ambiguous:
       Ambiguous match, found 2 elements matching button "Sign in"
     # ./spec/requests/authentication_pages_spec.rb:24:in `block (4 levels) in <top (required)>'

  7) Authentication signin with invalid information after visiting another page 
     Failure/Error: before { click_button "Sign in" }
     Capybara::Ambiguous:
       Ambiguous match, found 2 elements matching button "Sign in"
     # ./spec/requests/authentication_pages_spec.rb:24:in `block (4 levels) in <top (required)>'

Finished in 3.66 seconds
172 examples, 7 failures

Failed examples:

rspec ./spec/requests/user_pages_spec.rb:79 # User pages My Scores page scores 
rspec ./spec/requests/user_pages_spec.rb:78 # User pages My Scores page scores 
rspec ./spec/requests/score_pages_spec.rb:21 # Score pages score creation with invalid information should show an error messages 
rspec ./spec/requests/score_pages_spec.rb:28 # Score pages score creation with valid information should create a score
rspec ./spec/requests/authentication_pages_spec.rb:26 # Authentication signin with invalid information 
rspec ./spec/requests/authentication_pages_spec.rb:27 # Authentication signin with invalid information 
rspec ./spec/requests/authentication_pages_spec.rb:31 # Authentication signin with invalid information after visiting another page 

Randomized with seed 4765

